// Jest Snapshot v1, https://goo.gl/fbAQLP

exports[`<Cart /> should render Cart page with cart items array returned from server 1`] = `
<section
  className="Cart"
>
  <ul
    className="CartItemList"
  >
    <li
      className="CartItem"
    >
      <div>
        <h3
          className="CartItemDetail"
        >
          helmet
           Armor Type
        </h3>
        <p
          className="CartItemDetail"
        >
          Total price: 
          600
        </p>
        <div
          className="Input"
        >
          <label
            className="Label"
          >
            quantity
          </label>
          <input
            className="InputElement"
            max={99}
            min={0}
            name="quantity"
            onChange={[Function]}
            step={1}
            type="number"
            value={3}
          />
        </div>
        <button
          className="CartItemDeleteButton"
          onClick={[Function]}
          type="button"
        >
          Delete
        </button>
      </div>
    </li>
  </ul>
  <p
    className="CartItemsInCounter"
  >
    Items in cart: 
    1
  </p>
  <button
    className="CartOrderButton"
    onClick={[Function]}
    type="button"
  >
    Order Item(s)
  </button>
</section>
`;

exports[`<Cart /> should render Cart page with empty cart items array returned from server 1`] = `
<section
  className="Cart"
>
  <ul
    className="CartItemList"
  />
  <p
    className="CartItemsInCounter"
  >
    Items in cart: 
    0
  </p>
  <button
    className="CartOrderButton CartOrderButtonDisabled"
    disabled={true}
    onClick={[Function]}
    type="button"
  >
    Order Item(s)
  </button>
</section>
`;
