// Jest Snapshot v1, https://goo.gl/fbAQLP

exports[`renders Login page 1`] = `
<section
  className="auth-form"
>
  <form
    onSubmit={[Function]}
  >
    <div
      className="Input"
    >
      <label
        className="Label"
      />
      <input
        className="InputElement"
        name="email"
        onChange={[Function]}
        placeholder="you@email.com"
        required={true}
        type="email"
        value=""
      />
    </div>
    <div
      className="Input"
    >
      <label
        className="Label"
      />
      <input
        className="InputElement"
        name="password"
        onChange={[Function]}
        placeholder="Enter you password..."
        required={true}
        type="password"
        value=""
      />
    </div>
  </form>
</section>
`;
