// Jest Snapshot v1, https://goo.gl/fbAQLP

exports[`<ArmorAdmin /> renders ArmorAdmin page component 1`] = `
<section
  className="ArmorAdmin"
>
  <h1>
    Add an Armor
  </h1>
  <form
    onSubmit={[Function]}
  >
    <div
      className="Input"
    >
      <label
        className="Label"
      >
        name
      </label>
      <input
        className="InputElement"
        name="name"
        onChange={[Function]}
        required={true}
        type="text"
        value=""
      />
    </div>
    <div
      className="Input"
    >
      <label
        className="Label"
      >
        type
      </label>
      <select
        className="InputElement"
        name="type"
        onChange={[Function]}
        required={true}
        type="select"
        value="helmet"
      >
        <option
          value="helmet"
        >
          Helmet
        </option>
        <option
          value="body"
        >
          Body
        </option>
        <option
          value="arm"
        >
          Arm
        </option>
        <option
          value="leg"
        >
          Leg
        </option>
      </select>
    </div>
    <div
      className="Input"
    >
      <label
        className="Label"
      >
        description
      </label>
      <textarea
        className="InputElement"
        maxLength={2000}
        minLength={5}
        name="description"
        onChange={[Function]}
        placeholder="This armor is..."
        required={true}
        value=""
      />
    </div>
    <div
      className="Input"
    >
      <label
        className="Label"
      >
        company
      </label>
      <select
        className="InputElement"
        name="company"
        onChange={[Function]}
        required={true}
        type="select"
        value="starscape_systems"
      >
        <option
          value="starscape_systems"
        >
          Starscape Systems
        </option>
        <option
          value="adrax_corp"
        >
          Adrax Corp
        </option>
        <option
          value="orian_labs"
        >
          Orian Labs
        </option>
      </select>
    </div>
    <div
      className="Input"
    >
      <label
        className="Label"
      >
        stock
      </label>
      <input
        className="InputElement"
        max={100}
        min={0}
        name="stock"
        onChange={[Function]}
        step={1}
        type="number"
        value={0}
      />
    </div>
    <div
      className="Input"
    >
      <label
        className="Label"
      >
        discount
      </label>
      <input
        className="InputElement"
        max={100}
        min={0}
        name="discount"
        onChange={[Function]}
        step={5}
        type="number"
        value={0}
      />
    </div>
    <div
      className="Input"
    >
      <label
        className="Label"
      >
        cost
      </label>
      <input
        className="InputElement"
        max={10000}
        min={0}
        name="cost"
        onChange={[Function]}
        required={true}
        step={100}
        type="number"
        value={0}
      />
    </div>
    <div
      className="Input"
    >
      <label
        className="Label"
      >
        shield
      </label>
      <input
        className="InputElement"
        max={100}
        min={0}
        name="shield"
        onChange={[Function]}
        step={10}
        type="number"
        value={0}
      />
    </div>
    <div
      className="Input"
    >
      <label
        className="Label"
      >
        protection
      </label>
      <select
        className="InputElement"
        name="protection"
        onChange={[Function]}
        required={true}
        type="select"
        value="high"
      >
        <option
          value="high"
        >
          High
        </option>
        <option
          value="medium"
        >
          Medium
        </option>
        <option
          value="low"
        >
          Low
        </option>
      </select>
    </div>
    <div
      className="Input"
    >
      <label
        className="Label"
      >
        quality
      </label>
      <select
        className="InputElement"
        name="quality"
        onChange={[Function]}
        required={true}
        type="select"
        value="high"
      >
        <option
          value="high"
        >
          High
        </option>
        <option
          value="medium"
        >
          Medium
        </option>
        <option
          value="low"
        >
          Low
        </option>
      </select>
    </div>
    <button
      className="ArmorAdminAddArmorButton ArmorAdminAddArmorButtonDisabled"
      disabled={true}
      onClick={[Function]}
      type="submit"
    >
      Add Armor
    </button>
  </form>
</section>
`;
