// Jest Snapshot v1, https://goo.gl/fbAQLP

exports[`<App /> renders App component 1`] = `
Array [
  <div
    className="App"
  >
    <header>
      <h1>
        Space Soldier Armory
      </h1>
    </header>
    <nav>
      <ul>
        <li>
          <a
            aria-current="page"
            className="active"
            href="/"
            onClick={[Function]}
            style={Object {}}
          >
            Home
          </a>
        </li>
        <li>
          <a
            aria-current={null}
            href="/admin"
            onClick={[Function]}
          >
            Admin
          </a>
        </li>
      </ul>
    </nav>
  </div>,
  <p>
    Home
  </p>,
]
`;

exports[`renders App component 1`] = `
Array [
  <div
    className="App"
  >
    <header>
      <h1>
        Space Soldier Armory
      </h1>
    </header>
    <nav>
      <ul>
        <li>
          <a
            aria-current="page"
            className="active"
            href="/"
            onClick={[Function]}
            style={Object {}}
          >
            Home
          </a>
        </li>
        <li>
          <a
            aria-current={null}
            href="/admin"
            onClick={[Function]}
          >
            Admin
          </a>
        </li>
      </ul>
    </nav>
  </div>,
  <p>
    Home
  </p>,
]
`;
