// Jest Snapshot v1, https://goo.gl/fbAQLP

exports[`<App /> renders App component 1`] = `
Array [
  <div
    className="App"
  >
    <header>
      <h1>
        Space Soldier Armory
      </h1>
    </header>
    <nav>
      <ul
        className="navigation"
      >
        <li>
          <a
            aria-current="page"
            className="active"
            href="/"
            onClick={[Function]}
            style={Object {}}
          >
            Home
          </a>
        </li>
        <li>
          <a
            aria-current={null}
            href="/signup"
            onClick={[Function]}
          >
            Signup
          </a>
        </li>
        <li>
          <a
            aria-current={null}
            href="/login"
            onClick={[Function]}
          >
            Login
          </a>
        </li>
      </ul>
    </nav>
  </div>,
  <h1>
    Welome to your local Space Marine Armory
  </h1>,
  <button
    onClick={[Function]}
  >
    View previous orders
  </button>,
]
`;
