// Jest Snapshot v1, https://goo.gl/fbAQLP

exports[`<PreviousOrders /> should render component and display list of previous orders 1`] = `
<div
  className="PreviousOrders"
>
  <button
    className="PreviousOrdersButton"
    onClick={[Function]}
    type="button"
  >
    View previous orders
  </button>
</div>
`;
